Archive member included to satisfy reference by file (symbol)

/opt/stm32cubeide_1.0.1/plugins/com.st.stm32cube.ide.mcu.externaltools.gnu-tools-for-stm32.7-2018-q2-update.linux64_1.0.0.201904181610/tools/bin/../lib/gcc/arm-none-eabi/7.3.1/../../../../arm-none-eabi/lib/thumb/v6-m/libc_nano.a(lib_a-errno.o)
                              Core/Src/syscalls.o (__errno)
/opt/stm32cubeide_1.0.1/plugins/com.st.stm32cube.ide.mcu.externaltools.gnu-tools-for-stm32.7-2018-q2-update.linux64_1.0.0.201904181610/tools/bin/../lib/gcc/arm-none-eabi/7.3.1/../../../../arm-none-eabi/lib/thumb/v6-m/libc_nano.a(lib_a-exit.o)
                              /opt/stm32cubeide_1.0.1/plugins/com.st.stm32cube.ide.mcu.externaltools.gnu-tools-for-stm32.7-2018-q2-update.linux64_1.0.0.201904181610/tools/bin/../lib/gcc/arm-none-eabi/7.3.1/../../../../arm-none-eabi/lib/thumb/v6-m/crt0.o (exit)
/opt/stm32cubeide_1.0.1/plugins/com.st.stm32cube.ide.mcu.externaltools.gnu-tools-for-stm32.7-2018-q2-update.linux64_1.0.0.201904181610/tools/bin/../lib/gcc/arm-none-eabi/7.3.1/../../../../arm-none-eabi/lib/thumb/v6-m/libc_nano.a(lib_a-impure.o)
                              /opt/stm32cubeide_1.0.1/plugins/com.st.stm32cube.ide.mcu.externaltools.gnu-tools-for-stm32.7-2018-q2-update.linux64_1.0.0.201904181610/tools/bin/../lib/gcc/arm-none-eabi/7.3.1/../../../../arm-none-eabi/lib/thumb/v6-m/libc_nano.a(lib_a-exit.o) (_global_impure_ptr)
/opt/stm32cubeide_1.0.1/plugins/com.st.stm32cube.ide.mcu.externaltools.gnu-tools-for-stm32.7-2018-q2-update.linux64_1.0.0.201904181610/tools/bin/../lib/gcc/arm-none-eabi/7.3.1/../../../../arm-none-eabi/lib/thumb/v6-m/libc_nano.a(lib_a-init.o)
                              /opt/stm32cubeide_1.0.1/plugins/com.st.stm32cube.ide.mcu.externaltools.gnu-tools-for-stm32.7-2018-q2-update.linux64_1.0.0.201904181610/tools/bin/../lib/gcc/arm-none-eabi/7.3.1/../../../../arm-none-eabi/lib/thumb/v6-m/crt0.o (__libc_init_array)
/opt/stm32cubeide_1.0.1/plugins/com.st.stm32cube.ide.mcu.externaltools.gnu-tools-for-stm32.7-2018-q2-update.linux64_1.0.0.201904181610/tools/bin/../lib/gcc/arm-none-eabi/7.3.1/../../../../arm-none-eabi/lib/thumb/v6-m/libc_nano.a(lib_a-memset.o)
                              /opt/stm32cubeide_1.0.1/plugins/com.st.stm32cube.ide.mcu.externaltools.gnu-tools-for-stm32.7-2018-q2-update.linux64_1.0.0.201904181610/tools/bin/../lib/gcc/arm-none-eabi/7.3.1/../../../../arm-none-eabi/lib/thumb/v6-m/crt0.o (memset)
/opt/stm32cubeide_1.0.1/plugins/com.st.stm32cube.ide.mcu.externaltools.gnu-tools-for-stm32.7-2018-q2-update.linux64_1.0.0.201904181610/tools/bin/../lib/gcc/arm-none-eabi/7.3.1/thumb/v6-m/libgcc.a(_udivsi3.o)
                              Core/Src/system_stm32f0xx.o (__aeabi_uidiv)
/opt/stm32cubeide_1.0.1/plugins/com.st.stm32cube.ide.mcu.externaltools.gnu-tools-for-stm32.7-2018-q2-update.linux64_1.0.0.201904181610/tools/bin/../lib/gcc/arm-none-eabi/7.3.1/thumb/v6-m/libgcc.a(_dvmd_tls.o)
                              /opt/stm32cubeide_1.0.1/plugins/com.st.stm32cube.ide.mcu.externaltools.gnu-tools-for-stm32.7-2018-q2-update.linux64_1.0.0.201904181610/tools/bin/../lib/gcc/arm-none-eabi/7.3.1/thumb/v6-m/libgcc.a(_udivsi3.o) (__aeabi_idiv0)

Allocating common symbols
Common symbol       size              file

uwTick              0x4               Drivers/STM32F0xx_HAL_Driver/stm32f0xx_hal.o
pFlash              0x20              Drivers/STM32F0xx_HAL_Driver/stm32f0xx_hal_flash.o

Discarded input sections

 .text          0x0000000000000000        0x0 /opt/stm32cubeide_1.0.1/plugins/com.st.stm32cube.ide.mcu.externaltools.gnu-tools-for-stm32.7-2018-q2-update.linux64_1.0.0.201904181610/tools/bin/../lib/gcc/arm-none-eabi/7.3.1/thumb/v6-m/crti.o
 .data          0x0000000000000000        0x0 /opt/stm32cubeide_1.0.1/plugins/com.st.stm32cube.ide.mcu.externaltools.gnu-tools-for-stm32.7-2018-q2-update.linux64_1.0.0.201904181610/tools/bin/../lib/gcc/arm-none-eabi/7.3.1/thumb/v6-m/crti.o
 .bss           0x0000000000000000        0x0 /opt/stm32cubeide_1.0.1/plugins/com.st.stm32cube.ide.mcu.externaltools.gnu-tools-for-stm32.7-2018-q2-update.linux64_1.0.0.201904181610/tools/bin/../lib/gcc/arm-none-eabi/7.3.1/thumb/v6-m/crti.o
 .data          0x0000000000000000        0x4 /opt/stm32cubeide_1.0.1/plugins/com.st.stm32cube.ide.mcu.externaltools.gnu-tools-for-stm32.7-2018-q2-update.linux64_1.0.0.201904181610/tools/bin/../lib/gcc/arm-none-eabi/7.3.1/thumb/v6-m/crtbegin.o
 .text          0x0000000000000000       0x78 /opt/stm32cubeide_1.0.1/plugins/com.st.stm32cube.ide.mcu.externaltools.gnu-tools-for-stm32.7-2018-q2-update.linux64_1.0.0.201904181610/tools/bin/../lib/gcc/arm-none-eabi/7.3.1/../../../../arm-none-eabi/lib/thumb/v6-m/crt0.o
 .data          0x0000000000000000        0x0 /opt/stm32cubeide_1.0.1/plugins/com.st.stm32cube.ide.mcu.externaltools.gnu-tools-for-stm32.7-2018-q2-update.linux64_1.0.0.201904181610/tools/bin/../lib/gcc/arm-none-eabi/7.3.1/../../../../arm-none-eabi/lib/thumb/v6-m/crt0.o
[...]
Memory Configuration

Name             Origin             Length             Attributes
RAM              0x0000000020000000 0x0000000000008000 xrw
FLASH            0x0000000008000000 0x0000000000020000 xr
*default*        0x0000000000000000 0xffffffffffffffff

Linker script and memory map

LOAD /opt/stm32cubeide_1.0.1/plugins/com.st.stm32cube.ide.mcu.externaltools.gnu-tools-for-stm32.7-2018-q2-update.linux64_1.0.0.201904181610/tools/bin/../lib/gcc/arm-none-eabi/7.3.1/thumb/v6-m/crti.o
LOAD /opt/stm32cubeide_1.0.1/plugins/com.st.stm32cube.ide.mcu.externaltools.gnu-tools-for-stm32.7-2018-q2-update.linux64_1.0.0.201904181610/tools/bin/../lib/gcc/arm-none-eabi/7.3.1/thumb/v6-m/crtbegin.o
LOAD /opt/stm32cubeide_1.0.1/plugins/com.st.stm32cube.ide.mcu.externaltools.gnu-tools-for-stm32.7-2018-q2-update.linux64_1.0.0.201904181610/tools/bin/../lib/gcc/arm-none-eabi/7.3.1/../../../../arm-none-eabi/lib/thumb/v6-m/crt0.o
LOAD Core/Src/main.o
LOAD Core/Src/stm32f0xx_hal_msp.o
LOAD Core/Src/stm32f0xx_it.o
LOAD Core/Src/syscalls.o
LOAD Core/Src/sysmem.o
LOAD Core/Src/system_stm32f0xx.o
LOAD Core/Startup/startup_stm32f091cbtx.o
LOAD Drivers/STM32F0xx_HAL_Driver/stm32f0xx_hal.o
LOAD Drivers/STM32F0xx_HAL_Driver/stm32f0xx_hal_cortex.o
LOAD Drivers/STM32F0xx_HAL_Driver/stm32f0xx_hal_dma.o
LOAD Drivers/STM32F0xx_HAL_Driver/stm32f0xx_hal_exti.o
LOAD Drivers/STM32F0xx_HAL_Driver/stm32f0xx_hal_flash.o
LOAD Drivers/STM32F0xx_HAL_Driver/stm32f0xx_hal_flash_ex.o
LOAD Drivers/STM32F0xx_HAL_Driver/stm32f0xx_hal_gpio.o
LOAD Drivers/STM32F0xx_HAL_Driver/stm32f0xx_hal_i2c.o
LOAD Drivers/STM32F0xx_HAL_Driver/stm32f0xx_hal_i2c_ex.o
LOAD Drivers/STM32F0xx_HAL_Driver/stm32f0xx_hal_pwr.o
LOAD Drivers/STM32F0xx_HAL_Driver/stm32f0xx_hal_pwr_ex.o
LOAD Drivers/STM32F0xx_HAL_Driver/stm32f0xx_hal_rcc.o
LOAD Drivers/STM32F0xx_HAL_Driver/stm32f0xx_hal_rcc_ex.o
LOAD Drivers/STM32F0xx_HAL_Driver/stm32f0xx_hal_tim.o
LOAD Drivers/STM32F0xx_HAL_Driver/stm32f0xx_hal_tim_ex.o
START GROUP
LOAD /opt/stm32cubeide_1.0.1/plugins/com.st.stm32cube.ide.mcu.externaltools.gnu-tools-for-stm32.7-2018-q2-update.linux64_1.0.0.201904181610/tools/bin/../lib/gcc/arm-none-eabi/7.3.1/../../../../arm-none-eabi/lib/thumb/v6-m/libstdc++_nano.a
LOAD /opt/stm32cubeide_1.0.1/plugins/com.st.stm32cube.ide.mcu.externaltools.gnu-tools-for-stm32.7-2018-q2-update.linux64_1.0.0.201904181610/tools/bin/../lib/gcc/arm-none-eabi/7.3.1/../../../../arm-none-eabi/lib/thumb/v6-m/libsupc++_nano.a
END GROUP
LOAD /opt/stm32cubeide_1.0.1/plugins/com.st.stm32cube.ide.mcu.externaltools.gnu-tools-for-stm32.7-2018-q2-update.linux64_1.0.0.201904181610/tools/bin/../lib/gcc/arm-none-eabi/7.3.1/../../../../arm-none-eabi/lib/thumb/v6-m/libstdc++_nano.a
LOAD /opt/stm32cubeide_1.0.1/plugins/com.st.stm32cube.ide.mcu.externaltools.gnu-tools-for-stm32.7-2018-q2-update.linux64_1.0.0.201904181610/tools/bin/../lib/gcc/arm-none-eabi/7.3.1/../../../../arm-none-eabi/lib/thumb/v6-m/libm.a
LOAD /opt/stm32cubeide_1.0.1/plugins/com.st.stm32cube.ide.mcu.externaltools.gnu-tools-for-stm32.7-2018-q2-update.linux64_1.0.0.201904181610/tools/bin/../lib/gcc/arm-none-eabi/7.3.1/../../../../arm-none-eabi/lib/thumb/v6-m/libc_nano.a
START GROUP
LOAD /opt/stm32cubeide_1.0.1/plugins/com.st.stm32cube.ide.mcu.externaltools.gnu-tools-for-stm32.7-2018-q2-update.linux64_1.0.0.201904181610/tools/bin/../lib/gcc/arm-none-eabi/7.3.1/thumb/v6-m/libgcc.a
LOAD /opt/stm32cubeide_1.0.1/plugins/com.st.stm32cube.ide.mcu.externaltools.gnu-tools-for-stm32.7-2018-q2-update.linux64_1.0.0.201904181610/tools/bin/../lib/gcc/arm-none-eabi/7.3.1/../../../../arm-none-eabi/lib/thumb/v6-m/libc_nano.a
END GROUP
START GROUP
LOAD /opt/stm32cubeide_1.0.1/plugins/com.st.stm32cube.ide.mcu.externaltools.gnu-tools-for-stm32.7-2018-q2-update.linux64_1.0.0.201904181610/tools/bin/../lib/gcc/arm-none-eabi/7.3.1/thumb/v6-m/libgcc.a
LOAD /opt/stm32cubeide_1.0.1/plugins/com.st.stm32cube.ide.mcu.externaltools.gnu-tools-for-stm32.7-2018-q2-update.linux64_1.0.0.201904181610/tools/bin/../lib/gcc/arm-none-eabi/7.3.1/../../../../arm-none-eabi/lib/thumb/v6-m/libc_nano.a
LOAD /opt/stm32cubeide_1.0.1/plugins/com.st.stm32cube.ide.mcu.externaltools.gnu-tools-for-stm32.7-2018-q2-update.linux64_1.0.0.201904181610/tools/bin/../lib/gcc/arm-none-eabi/7.3.1/../../../../arm-none-eabi/lib/thumb/v6-m/libnosys.a
END GROUP
START GROUP
LOAD /opt/stm32cubeide_1.0.1/plugins/com.st.stm32cube.ide.mcu.externaltools.gnu-tools-for-stm32.7-2018-q2-update.linux64_1.0.0.201904181610/tools/bin/../lib/gcc/arm-none-eabi/7.3.1/thumb/v6-m/libgcc.a
LOAD /opt/stm32cubeide_1.0.1/plugins/com.st.stm32cube.ide.mcu.externaltools.gnu-tools-for-stm32.7-2018-q2-update.linux64_1.0.0.201904181610/tools/bin/../lib/gcc/arm-none-eabi/7.3.1/../../../../arm-none-eabi/lib/thumb/v6-m/libc_nano.a
LOAD /opt/stm32cubeide_1.0.1/plugins/com.st.stm32cube.ide.mcu.externaltools.gnu-tools-for-stm32.7-2018-q2-update.linux64_1.0.0.201904181610/tools/bin/../lib/gcc/arm-none-eabi/7.3.1/../../../../arm-none-eabi/lib/thumb/v6-m/libnosys.a
END GROUP
LOAD /opt/stm32cubeide_1.0.1/plugins/com.st.stm32cube.ide.mcu.externaltools.gnu-tools-for-stm32.7-2018-q2-update.linux64_1.0.0.201904181610/tools/bin/../lib/gcc/arm-none-eabi/7.3.1/thumb/v6-m/crtend.o
LOAD /opt/stm32cubeide_1.0.1/plugins/com.st.stm32cube.ide.mcu.externaltools.gnu-tools-for-stm32.7-2018-q2-update.linux64_1.0.0.201904181610/tools/bin/../lib/gcc/arm-none-eabi/7.3.1/thumb/v6-m/crtn.o
                0x0000000020008000                _estack = (ORIGIN (RAM) + LENGTH (RAM))
                0x0000000000000200                _Min_Heap_Size = 0x200
                0x0000000000000400                _Min_Stack_Size = 0x400

.isr_vector     0x0000000008000000       0xbc
                0x0000000008000000                . = ALIGN (0x4)
 *(.isr_vector)
 .isr_vector    0x0000000008000000       0xbc Core/Startup/startup_stm32f091cbtx.o
                0x0000000008000000                g_pfnVectors
                0x00000000080000bc                . = ALIGN (0x4)

.text           0x00000000080000bc      0xf2c
                0x00000000080000bc                . = ALIGN (0x4)
 *(.text)
 .text          0x00000000080000bc       0x48 /opt/stm32cubeide_1.0.1/plugins/com.st.stm32cube.ide.mcu.externaltools.gnu-tools-for-stm32.7-2018-q2-update.linux64_1.0.0.201904181610/tools/bin/../lib/gcc/arm-none-eabi/7.3.1/thumb/v6-m/crtbegin.o
 .text          0x0000000008000104      0x114 /opt/stm32cubeide_1.0.1/plugins/com.st.stm32cube.ide.mcu.externaltools.gnu-tools-for-stm32.7-2018-q2-update.linux64_1.0.0.201904181610/tools/bin/../lib/gcc/arm-none-eabi/7.3.1/thumb/v6-m/libgcc.a(_udivsi3.o)
                0x0000000008000104                __udivsi3
                0x0000000008000104                __aeabi_uidiv
                0x0000000008000210                __aeabi_uidivmod
 .text          0x0000000008000218        0x4 /opt/stm32cubeide_1.0.1/plugins/com.st.stm32cube.ide.mcu.externaltools.gnu-tools-for-stm32.7-2018-q2-update.linux64_1.0.0.201904181610/tools/bin/../lib/gcc/arm-none-eabi/7.3.1/thumb/v6-m/libgcc.a(_dvmd_tls.o)
                0x0000000008000218                __aeabi_ldiv0
                0x0000000008000218                __aeabi_idiv0
 *(.text*)
 .text.main     0x000000000800021c        0xe Core/Src/main.o
                0x000000000800021c                main
 .text.SystemClock_Config
                0x000000000800022a       0x80 Core/Src/main.o
                0x000000000800022a                SystemClock_Config
 .text.Error_Handler
                0x00000000080002aa        0xa Core/Src/main.o
                0x00000000080002aa                Error_Handler
 .text.HAL_MspInit
                0x00000000080002b4       0x48 Core/Src/stm32f0xx_hal_msp.o
                0x00000000080002b4                HAL_MspInit
 .text.NMI_Handler
                0x00000000080002fc        0xa Core/Src/stm32f0xx_it.o
                0x00000000080002fc                NMI_Handler
 .text.HardFault_Handler
                0x0000000008000306        0x6 Core/Src/stm32f0xx_it.o
                0x0000000008000306                HardFault_Handler
 .text.SVC_Handler
                0x000000000800030c        0xa Core/Src/stm32f0xx_it.o
                0x000000000800030c                SVC_Handler
 .text.PendSV_Handler
                0x0000000008000316        0xa Core/Src/stm32f0xx_it.o
                0x0000000008000316                PendSV_Handler
 .text.SysTick_Handler
                0x0000000008000320        0xe Core/Src/stm32f0xx_it.o
                0x0000000008000320                SysTick_Handler
 .text.SystemInit
                0x000000000800032e        0xa Core/Src/system_stm32f0xx.o
                0x000000000800032e                SystemInit
 .text.Reset_Handler
                0x0000000008000338       0x50 Core/Startup/startup_stm32f091cbtx.o
                0x0000000008000338                Reset_Handler
 .text.Default_Handler
                0x0000000008000388        0x2 Core/Startup/startup_stm32f091cbtx.o
                0x0000000008000388                TIM1_CC_IRQHandler
                0x0000000008000388                TSC_IRQHandler
                0x0000000008000388                ADC1_COMP_IRQHandler
                0x0000000008000388                I2C1_IRQHandler
                0x0000000008000388                RCC_CRS_IRQHandler
                0x0000000008000388                SPI1_IRQHandler
                0x0000000008000388                TIM6_DAC_IRQHandler
                0x0000000008000388                DMA1_Ch1_IRQHandler
                0x0000000008000388                EXTI2_3_IRQHandler
                0x0000000008000388                I2C2_IRQHandler
                0x0000000008000388                TIM17_IRQHandler
                0x0000000008000388                CEC_CAN_IRQHandler
                0x0000000008000388                RTC_IRQHandler
                0x0000000008000388                PVD_VDDIO2_IRQHandler
                0x0000000008000388                TIM16_IRQHandler
                0x0000000008000388                TIM3_IRQHandler
                0x0000000008000388                EXTI4_15_IRQHandler
                0x0000000008000388                USART3_8_IRQHandler
                0x0000000008000388                Default_Handler
                0x0000000008000388                TIM14_IRQHandler
                0x0000000008000388                TIM7_IRQHandler
                0x0000000008000388                TIM15_IRQHandler
                0x0000000008000388                EXTI0_1_IRQHandler
                0x0000000008000388                SPI2_IRQHandler
                0x0000000008000388                DMA1_Ch2_3_DMA2_Ch1_2_IRQHandler
                0x0000000008000388                DMA1_Ch4_7_DMA2_Ch3_5_IRQHandler
                0x0000000008000388                WWDG_IRQHandler
                0x0000000008000388                TIM2_IRQHandler
                0x0000000008000388                USART2_IRQHandler
                0x0000000008000388                FLASH_IRQHandler
                0x0000000008000388                USART1_IRQHandler
                0x0000000008000388                TIM1_BRK_UP_TRG_COM_IRQHandler
 *fill*         0x000000000800038a        0x2 
 .text.HAL_Init
                0x000000000800038c       0x28 Drivers/STM32F0xx_HAL_Driver/stm32f0xx_hal.o
                0x000000000800038c                HAL_Init
 .text.HAL_InitTick
                0x00000000080003b4       0x68 Drivers/STM32F0xx_HAL_Driver/stm32f0xx_hal.o
                0x00000000080003b4                HAL_InitTick
 .text.HAL_IncTick
                0x000000000800041c       0x24 Drivers/STM32F0xx_HAL_Driver/stm32f0xx_hal.o
                0x000000000800041c                HAL_IncTick
 .text.HAL_GetTick
                0x0000000008000440       0x14 Drivers/STM32F0xx_HAL_Driver/stm32f0xx_hal.o
                0x0000000008000440                HAL_GetTick
 .text.__NVIC_SetPriority
                0x0000000008000454       0xdc Drivers/STM32F0xx_HAL_Driver/stm32f0xx_hal_cortex.o
 .text.SysTick_Config
                0x0000000008000530       0x48 Drivers/STM32F0xx_HAL_Driver/stm32f0xx_hal_cortex.o
 .text.HAL_NVIC_SetPriority
                0x0000000008000578       0x2a Drivers/STM32F0xx_HAL_Driver/stm32f0xx_hal_cortex.o
                0x0000000008000578                HAL_NVIC_SetPriority
 .text.HAL_SYSTICK_Config
                0x00000000080005a2       0x1a Drivers/STM32F0xx_HAL_Driver/stm32f0xx_hal_cortex.o
                0x00000000080005a2                HAL_SYSTICK_Config
 .text.HAL_RCC_OscConfig
                0x00000000080005bc      0x70c Drivers/STM32F0xx_HAL_Driver/stm32f0xx_hal_rcc.o
                0x00000000080005bc                HAL_RCC_OscConfig
 .text.HAL_RCC_ClockConfig
                0x0000000008000cc8      0x1b4 Drivers/STM32F0xx_HAL_Driver/stm32f0xx_hal_rcc.o
                0x0000000008000cc8                HAL_RCC_ClockConfig
 .text.HAL_RCC_GetSysClockFreq
                0x0000000008000e7c       0xfc Drivers/STM32F0xx_HAL_Driver/stm32f0xx_hal_rcc.o
                0x0000000008000e7c                HAL_RCC_GetSysClockFreq
 .text.__libc_init_array
                0x0000000008000f78       0x48 /opt/stm32cubeide_1.0.1/plugins/com.st.stm32cube.ide.mcu.externaltools.gnu-tools-for-stm32.7-2018-q2-update.linux64_1.0.0.201904181610/tools/bin/../lib/gcc/arm-none-eabi/7.3.1/../../../../arm-none-eabi/lib/thumb/v6-m/libc_nano.a(lib_a-init.o)
                0x0000000008000f78                __libc_init_array
 .text.memset   0x0000000008000fc0       0x10 /opt/stm32cubeide_1.0.1/plugins/com.st.stm32cube.ide.mcu.externaltools.gnu-tools-for-stm32.7-2018-q2-update.linux64_1.0.0.201904181610/tools/bin/../lib/gcc/arm-none-eabi/7.3.1/../../../../arm-none-eabi/lib/thumb/v6-m/libc_nano.a(lib_a-memset.o)
                0x0000000008000fc0                memset
 *(.glue_7)
 .glue_7        0x0000000008000fd0        0x0 linker stubs
 *(.glue_7t)
 .glue_7t       0x0000000008000fd0        0x0 linker stubs
 *(.eh_frame)
 .eh_frame      0x0000000008000fd0        0x0 /opt/stm32cubeide_1.0.1/plugins/com.st.stm32cube.ide.mcu.externaltools.gnu-tools-for-stm32.7-2018-q2-update.linux64_1.0.0.201904181610/tools/bin/../lib/gcc/arm-none-eabi/7.3.1/thumb/v6-m/crtbegin.o
 *(.init)
 .init          0x0000000008000fd0        0x4 /opt/stm32cubeide_1.0.1/plugins/com.st.stm32cube.ide.mcu.externaltools.gnu-tools-for-stm32.7-2018-q2-update.linux64_1.0.0.201904181610/tools/bin/../lib/gcc/arm-none-eabi/7.3.1/thumb/v6-m/crti.o
                0x0000000008000fd0                _init
 .init          0x0000000008000fd4        0x8 /opt/stm32cubeide_1.0.1/plugins/com.st.stm32cube.ide.mcu.externaltools.gnu-tools-for-stm32.7-2018-q2-update.linux64_1.0.0.201904181610/tools/bin/../lib/gcc/arm-none-eabi/7.3.1/thumb/v6-m/crtn.o
 *(.fini)
 .fini          0x0000000008000fdc        0x4 /opt/stm32cubeide_1.0.1/plugins/com.st.stm32cube.ide.mcu.externaltools.gnu-tools-for-stm32.7-2018-q2-update.linux64_1.0.0.201904181610/tools/bin/../lib/gcc/arm-none-eabi/7.3.1/thumb/v6-m/crti.o
                0x0000000008000fdc                _fini
 .fini          0x0000000008000fe0        0x8 /opt/stm32cubeide_1.0.1/plugins/com.st.stm32cube.ide.mcu.externaltools.gnu-tools-for-stm32.7-2018-q2-update.linux64_1.0.0.201904181610/tools/bin/../lib/gcc/arm-none-eabi/7.3.1/thumb/v6-m/crtn.o
                0x0000000008000fe8                . = ALIGN (0x4)
                0x0000000008000fe8                _etext = .

.vfp11_veneer   0x0000000008000fe8        0x0
 .vfp11_veneer  0x0000000008000fe8        0x0 linker stubs

.v4_bx          0x0000000008000fe8        0x0
 .v4_bx         0x0000000008000fe8        0x0 linker stubs

.iplt           0x0000000008000fe8        0x0
 .iplt          0x0000000008000fe8        0x0 /opt/stm32cubeide_1.0.1/plugins/com.st.stm32cube.ide.mcu.externaltools.gnu-tools-for-stm32.7-2018-q2-update.linux64_1.0.0.201904181610/tools/bin/../lib/gcc/arm-none-eabi/7.3.1/thumb/v6-m/crtbegin.o

.rodata         0x0000000008000fe8       0x30
                0x0000000008000fe8                . = ALIGN (0x4)
 *(.rodata)
 .rodata        0x0000000008000fe8       0x20 Drivers/STM32F0xx_HAL_Driver/stm32f0xx_hal_rcc.o
 *(.rodata*)
 .rodata.AHBPrescTable
                0x0000000008001008       0x10 Core/Src/system_stm32f0xx.o
                0x0000000008001008                AHBPrescTable
                0x0000000008001018                . = ALIGN (0x4)

.rel.dyn        0x0000000008001018        0x0
 .rel.iplt      0x0000000008001018        0x0 /opt/stm32cubeide_1.0.1/plugins/com.st.stm32cube.ide.mcu.externaltools.gnu-tools-for-stm32.7-2018-q2-update.linux64_1.0.0.201904181610/tools/bin/../lib/gcc/arm-none-eabi/7.3.1/thumb/v6-m/crtbegin.o

.ARM.extab      0x0000000008001018        0x0
                0x0000000008001018                . = ALIGN (0x4)
 *(.ARM.extab* .gnu.linkonce.armextab.*)
                0x0000000008001018                . = ALIGN (0x4)

.ARM            0x0000000008001018        0x0
                0x0000000008001018                . = ALIGN (0x4)
                0x0000000008001018                __exidx_start = .
 *(.ARM.exidx*)
                0x0000000008001018                __exidx_end = .
                0x0000000008001018                . = ALIGN (0x4)

.preinit_array  0x0000000008001018        0x0
                0x0000000008001018                . = ALIGN (0x4)
                0x0000000008001018                PROVIDE (__preinit_array_start = .)
 *(.preinit_array*)
                0x0000000008001018                PROVIDE (__preinit_array_end = .)
                0x0000000008001018                . = ALIGN (0x4)

.init_array     0x0000000008001018        0x4
                0x0000000008001018                . = ALIGN (0x4)
                0x0000000008001018                PROVIDE (__init_array_start = .)
 *(SORT_BY_NAME(.init_array.*))
 *(.init_array*)
 .init_array    0x0000000008001018        0x4 /opt/stm32cubeide_1.0.1/plugins/com.st.stm32cube.ide.mcu.externaltools.gnu-tools-for-stm32.7-2018-q2-update.linux64_1.0.0.201904181610/tools/bin/../lib/gcc/arm-none-eabi/7.3.1/thumb/v6-m/crtbegin.o
                0x000000000800101c                PROVIDE (__init_array_end = .)
                0x000000000800101c                . = ALIGN (0x4)

.fini_array     0x000000000800101c        0x4
                0x000000000800101c                . = ALIGN (0x4)
                [!provide]                        PROVIDE (__fini_array_start = .)
 *(SORT_BY_NAME(.fini_array.*))
 *(.fini_array*)
 .fini_array    0x000000000800101c        0x4 /opt/stm32cubeide_1.0.1/plugins/com.st.stm32cube.ide.mcu.externaltools.gnu-tools-for-stm32.7-2018-q2-update.linux64_1.0.0.201904181610/tools/bin/../lib/gcc/arm-none-eabi/7.3.1/thumb/v6-m/crtbegin.o
                [!provide]                        PROVIDE (__fini_array_end = .)
                0x0000000008001020                . = ALIGN (0x4)
                0x0000000008001020                _sidata = LOADADDR (.data)

.data           0x0000000020000000        0xc load address 0x0000000008001020
                0x0000000020000000                . = ALIGN (0x4)
                0x0000000020000000                _sdata = .
 *(.data)
 *(.data*)
 .data.SystemCoreClock
                0x0000000020000000        0x4 Core/Src/system_stm32f0xx.o
                0x0000000020000000                SystemCoreClock
 .data.uwTickPrio
                0x0000000020000004        0x4 Drivers/STM32F0xx_HAL_Driver/stm32f0xx_hal.o
                0x0000000020000004                uwTickPrio
 .data.uwTickFreq
                0x0000000020000008        0x1 Drivers/STM32F0xx_HAL_Driver/stm32f0xx_hal.o
                0x0000000020000008                uwTickFreq
                0x000000002000000c                . = ALIGN (0x4)
 *fill*         0x0000000020000009        0x3 
                0x000000002000000c                _edata = .

.igot.plt       0x000000002000000c        0x0 load address 0x000000000800102c
 .igot.plt      0x000000002000000c        0x0 /opt/stm32cubeide_1.0.1/plugins/com.st.stm32cube.ide.mcu.externaltools.gnu-tools-for-stm32.7-2018-q2-update.linux64_1.0.0.201904181610/tools/bin/../lib/gcc/arm-none-eabi/7.3.1/thumb/v6-m/crtbegin.o
                0x000000002000000c                . = ALIGN (0x4)

.bss            0x000000002000000c       0x20 load address 0x000000000800102c
                0x000000002000000c                _sbss = .
                0x000000002000000c                __bss_start__ = _sbss
 *(.bss)
 .bss           0x000000002000000c       0x1c /opt/stm32cubeide_1.0.1/plugins/com.st.stm32cube.ide.mcu.externaltools.gnu-tools-for-stm32.7-2018-q2-update.linux64_1.0.0.201904181610/tools/bin/../lib/gcc/arm-none-eabi/7.3.1/thumb/v6-m/crtbegin.o
 *(.bss*)
 *(COMMON)
 COMMON         0x0000000020000028        0x4 Drivers/STM32F0xx_HAL_Driver/stm32f0xx_hal.o
                0x0000000020000028                uwTick
                0x000000002000002c                . = ALIGN (0x4)
                0x000000002000002c                _ebss = .
                0x000000002000002c                __bss_end__ = _ebss

._user_heap_stack
                0x000000002000002c      0x604 load address 0x000000000800102c
                0x0000000020000030                . = ALIGN (0x8)
 *fill*         0x000000002000002c        0x4 
                0x0000000020000030                PROVIDE (end = .)
                [!provide]                        PROVIDE (_end = .)
                0x0000000020000230                . = (. + _Min_Heap_Size)
 *fill*         0x0000000020000030      0x200 
                0x0000000020000630                . = (. + _Min_Stack_Size)
 *fill*         0x0000000020000230      0x400 
                0x0000000020000630                . = ALIGN (0x8)

/DISCARD/
 libc.a(*)
 libm.a(*)
 libgcc.a(*)

.ARM.attributes
                0x0000000000000000       0x28
 *(.ARM.attributes)
 .ARM.attributes
                0x0000000000000000       0x1e /opt/stm32cubeide_1.0.1/plugins/com.st.stm32cube.ide.mcu.externaltools.gnu-tools-for-stm32.7-2018-q2-update.linux64_1.0.0.201904181610/tools/bin/../lib/gcc/arm-none-eabi/7.3.1/thumb/v6-m/crti.o
 .ARM.attributes
                0x000000000000001e       0x2c /opt/stm32cubeide_1.0.1/plugins/com.st.stm32cube.ide.mcu.externaltools.gnu-tools-for-stm32.7-2018-q2-update.linux64_1.0.0.201904181610/tools/bin/../lib/gcc/arm-none-eabi/7.3.1/thumb/v6-m/crtbegin.o
 .ARM.attributes
                0x000000000000004a       0x31 Core/Src/main.o
 .ARM.attributes
                0x000000000000007b       0x31 Core/Src/stm32f0xx_hal_msp.o
 .ARM.attributes
                0x00000000000000ac       0x31 Core/Src/stm32f0xx_it.o
 .ARM.attributes
                0x00000000000000dd       0x31 Core/Src/system_stm32f0xx.o
 .ARM.attributes
                0x000000000000010e       0x21 Core/Startup/startup_stm32f091cbtx.o
 .ARM.attributes
                0x000000000000012f       0x31 Drivers/STM32F0xx_HAL_Driver/stm32f0xx_hal.o
 .ARM.attributes
                0x0000000000000160       0x31 Drivers/STM32F0xx_HAL_Driver/stm32f0xx_hal_cortex.o
 .ARM.attributes
                0x0000000000000191       0x31 Drivers/STM32F0xx_HAL_Driver/stm32f0xx_hal_rcc.o
 .ARM.attributes
                0x00000000000001c2       0x2c /opt/stm32cubeide_1.0.1/plugins/com.st.stm32cube.ide.mcu.externaltools.gnu-tools-for-stm32.7-2018-q2-update.linux64_1.0.0.201904181610/tools/bin/../lib/gcc/arm-none-eabi/7.3.1/../../../../arm-none-eabi/lib/thumb/v6-m/libc_nano.a(lib_a-init.o)
 .ARM.attributes
                0x00000000000001ee       0x2c /opt/stm32cubeide_1.0.1/plugins/com.st.stm32cube.ide.mcu.externaltools.gnu-tools-for-stm32.7-2018-q2-update.linux64_1.0.0.201904181610/tools/bin/../lib/gcc/arm-none-eabi/7.3.1/../../../../arm-none-eabi/lib/thumb/v6-m/libc_nano.a(lib_a-memset.o)
 .ARM.attributes
                0x000000000000021a       0x1e /opt/stm32cubeide_1.0.1/plugins/com.st.stm32cube.ide.mcu.externaltools.gnu-tools-for-stm32.7-2018-q2-update.linux64_1.0.0.201904181610/tools/bin/../lib/gcc/arm-none-eabi/7.3.1/thumb/v6-m/libgcc.a(_udivsi3.o)
 .ARM.attributes
                0x0000000000000238       0x1e /opt/stm32cubeide_1.0.1/plugins/com.st.stm32cube.ide.mcu.externaltools.gnu-tools-for-stm32.7-2018-q2-update.linux64_1.0.0.201904181610/tools/bin/../lib/gcc/arm-none-eabi/7.3.1/thumb/v6-m/libgcc.a(_dvmd_tls.o)
 .ARM.attributes
                0x0000000000000256       0x1e /opt/stm32cubeide_1.0.1/plugins/com.st.stm32cube.ide.mcu.externaltools.gnu-tools-for-stm32.7-2018-q2-update.linux64_1.0.0.201904181610/tools/bin/../lib/gcc/arm-none-eabi/7.3.1/thumb/v6-m/crtn.o
OUTPUT(bbv2-test.elf elf32-littlearm)

.debug_info     0x0000000000000000     0x2012
 .debug_info    0x0000000000000000      0x2e5 Core/Src/main.o
 .debug_info    0x00000000000002e5      0x25e Core/Src/stm32f0xx_hal_msp.o
 .debug_info    0x0000000000000543      0x1a2 Core/Src/stm32f0xx_it.o
 .debug_info    0x00000000000006e5      0x29e Core/Src/system_stm32f0xx.o
 .debug_info    0x0000000000000983       0x22 Core/Startup/startup_stm32f091cbtx.o
 .debug_info    0x00000000000009a5      0x6ba Drivers/STM32F0xx_HAL_Driver/stm32f0xx_hal.o
 .debug_info    0x000000000000105f      0x786 Drivers/STM32F0xx_HAL_Driver/stm32f0xx_hal_cortex.o
 .debug_info    0x00000000000017e5      0x82d Drivers/STM32F0xx_HAL_Driver/stm32f0xx_hal_rcc.o

.debug_abbrev   0x0000000000000000      0xa8d
 .debug_abbrev  0x0000000000000000      0x138 Core/Src/main.o
 .debug_abbrev  0x0000000000000138      0x109 Core/Src/stm32f0xx_hal_msp.o
 .debug_abbrev  0x0000000000000241       0xc6 Core/Src/stm32f0xx_it.o
 .debug_abbrev  0x0000000000000307      0x12b Core/Src/system_stm32f0xx.o
 .debug_abbrev  0x0000000000000432       0x12 Core/Startup/startup_stm32f091cbtx.o
 .debug_abbrev  0x0000000000000444      0x1c7 Drivers/STM32F0xx_HAL_Driver/stm32f0xx_hal.o
 .debug_abbrev  0x000000000000060b      0x273 Drivers/STM32F0xx_HAL_Driver/stm32f0xx_hal_cortex.o
 .debug_abbrev  0x000000000000087e      0x20f Drivers/STM32F0xx_HAL_Driver/stm32f0xx_hal_rcc.o

.debug_aranges  0x0000000000000000      0x2f0
 .debug_aranges
                0x0000000000000000       0x30 Core/Src/main.o
 .debug_aranges
                0x0000000000000030       0x20 Core/Src/stm32f0xx_hal_msp.o
 .debug_aranges
                0x0000000000000050       0x40 Core/Src/stm32f0xx_it.o
 .debug_aranges
                0x0000000000000090       0x28 Core/Src/system_stm32f0xx.o
 .debug_aranges
                0x00000000000000b8       0x28 Core/Startup/startup_stm32f091cbtx.o
 .debug_aranges
                0x00000000000000e0       0xd0 Drivers/STM32F0xx_HAL_Driver/stm32f0xx_hal.o
 .debug_aranges
                0x00000000000001b0       0xc0 Drivers/STM32F0xx_HAL_Driver/stm32f0xx_hal_cortex.o
 .debug_aranges
                0x0000000000000270       0x80 Drivers/STM32F0xx_HAL_Driver/stm32f0xx_hal_rcc.o

.debug_ranges   0x0000000000000000      0x278
 .debug_ranges  0x0000000000000000       0x20 Core/Src/main.o
 .debug_ranges  0x0000000000000020       0x10 Core/Src/stm32f0xx_hal_msp.o
 .debug_ranges  0x0000000000000030       0x30 Core/Src/stm32f0xx_it.o
 .debug_ranges  0x0000000000000060       0x18 Core/Src/system_stm32f0xx.o
 .debug_ranges  0x0000000000000078       0x20 Core/Startup/startup_stm32f091cbtx.o
 .debug_ranges  0x0000000000000098       0xc0 Drivers/STM32F0xx_HAL_Driver/stm32f0xx_hal.o
 .debug_ranges  0x0000000000000158       0xb0 Drivers/STM32F0xx_HAL_Driver/stm32f0xx_hal_cortex.o
 .debug_ranges  0x0000000000000208       0x70 Drivers/STM32F0xx_HAL_Driver/stm32f0xx_hal_rcc.o

.debug_macro    0x0000000000000000    0x18c75
 .debug_macro   0x0000000000000000      0x1a4 Core/Src/main.o
 .debug_macro   0x00000000000001a4      0xa48 Core/Src/main.o
 .debug_macro   0x0000000000000bec      0x127 Core/Src/main.o
 .debug_macro   0x0000000000000d13       0x2e Core/Src/main.o
 .debug_macro   0x0000000000000d41       0x22 Core/Src/main.o
 .debug_macro   0x0000000000000d63       0x22 Core/Src/main.o
 .debug_macro   0x0000000000000d85       0x8e Core/Src/main.o
 .debug_macro   0x0000000000000e13       0x51 Core/Src/main.o
 .debug_macro   0x0000000000000e64       0xef Core/Src/main.o
 .debug_macro   0x0000000000000f53       0x6a Core/Src/main.o
 .debug_macro   0x0000000000000fbd      0x1df Core/Src/main.o
 .debug_macro   0x000000000000119c       0x1c Core/Src/main.o
 .debug_macro   0x00000000000011b8       0x22 Core/Src/main.o
 .debug_macro   0x00000000000011da       0xb5 Core/Src/main.o
 .debug_macro   0x000000000000128f      0x391 Core/Src/main.o
 .debug_macro   0x0000000000001620    0x10e48 Core/Src/main.o
 .debug_macro   0x0000000000012468       0x3c Core/Src/main.o
 .debug_macro   0x00000000000124a4     0x3461 Core/Src/main.o
 .debug_macro   0x0000000000015905      0x174 Core/Src/main.o
 .debug_macro   0x0000000000015a79       0x55 Core/Src/main.o
 .debug_macro   0x0000000000015ace      0x946 Core/Src/main.o
 .debug_macro   0x0000000000016414      0x69b Core/Src/main.o
 .debug_macro   0x0000000000016aaf      0x12f Core/Src/main.o
 .debug_macro   0x0000000000016bde      0x202 Core/Src/main.o
 .debug_macro   0x0000000000016de0      0x1a7 Core/Src/main.o
 .debug_macro   0x0000000000016f87      0x1bc Core/Src/main.o
 .debug_macro   0x0000000000017143      0x4d0 Core/Src/main.o
 .debug_macro   0x0000000000017613       0x3c Core/Src/main.o
 .debug_macro   0x000000000001764f       0x28 Core/Src/main.o
 .debug_macro   0x0000000000017677       0xb0 Core/Src/main.o
 .debug_macro   0x0000000000017727      0x23f Core/Src/main.o
 .debug_macro   0x0000000000017966      0x22c Core/Src/main.o
 .debug_macro   0x0000000000017b92       0x60 Core/Src/main.o
 .debug_macro   0x0000000000017bf2       0xa5 Core/Src/main.o
 .debug_macro   0x0000000000017c97       0x4c Core/Src/main.o
 .debug_macro   0x0000000000017ce3      0x16d Core/Src/main.o
 .debug_macro   0x0000000000017e50      0x435 Core/Src/main.o
 .debug_macro   0x0000000000018285      0x1a4 Core/Src/stm32f0xx_hal_msp.o
 .debug_macro   0x0000000000018429      0x1ae Core/Src/stm32f0xx_it.o
 .debug_macro   0x00000000000185d7      0x19a Core/Src/system_stm32f0xx.o
 .debug_macro   0x0000000000018771      0x1be Drivers/STM32F0xx_HAL_Driver/stm32f0xx_hal.o
 .debug_macro   0x000000000001892f      0x19a Drivers/STM32F0xx_HAL_Driver/stm32f0xx_hal_cortex.o
 .debug_macro   0x0000000000018ac9      0x1ac Drivers/STM32F0xx_HAL_Driver/stm32f0xx_hal_rcc.o

.debug_line     0x0000000000000000     0x391f
 .debug_line    0x0000000000000000      0x732 Core/Src/main.o
 .debug_line    0x0000000000000732      0x709 Core/Src/stm32f0xx_hal_msp.o
 .debug_line    0x0000000000000e3b      0x75d Core/Src/stm32f0xx_it.o
 .debug_line    0x0000000000001598      0x72c Core/Src/system_stm32f0xx.o
 .debug_line    0x0000000000001cc4       0x89 Core/Startup/startup_stm32f091cbtx.o
 .debug_line    0x0000000000001d4d      0x8ef Drivers/STM32F0xx_HAL_Driver/stm32f0xx_hal.o
 .debug_line    0x000000000000263c      0x907 Drivers/STM32F0xx_HAL_Driver/stm32f0xx_hal_cortex.o
 .debug_line    0x0000000000002f43      0x9dc Drivers/STM32F0xx_HAL_Driver/stm32f0xx_hal_rcc.o

.debug_str      0x0000000000000000    0x968ca
 .debug_str     0x0000000000000000    0x95d97 Core/Src/main.o
                                      0x96006 (size before relaxing)
 .debug_str     0x0000000000095d97       0x86 Core/Src/stm32f0xx_hal_msp.o
                                      0x95f08 (size before relaxing)
 .debug_str     0x0000000000095e1d       0x76 Core/Src/stm32f0xx_it.o
                                      0x95ef8 (size before relaxing)
 .debug_str     0x0000000000095e93       0x5f Core/Src/system_stm32f0xx.o
                                      0x95f2a (size before relaxing)
 .debug_str     0x0000000000095ef2       0x36 Core/Startup/startup_stm32f091cbtx.o
                                         0x70 (size before relaxing)
 .debug_str     0x0000000000095f28      0x49b Drivers/STM32F0xx_HAL_Driver/stm32f0xx_hal.o
                                      0x964be (size before relaxing)
 .debug_str     0x00000000000963c3      0x234 Drivers/STM32F0xx_HAL_Driver/stm32f0xx_hal_cortex.o
                                      0x96376 (size before relaxing)
 .debug_str     0x00000000000965f7      0x2d3 Drivers/STM32F0xx_HAL_Driver/stm32f0xx_hal_rcc.o
                                      0x9636f (size before relaxing)

.comment        0x0000000000000000       0x7b
 .comment       0x0000000000000000       0x7b Core/Src/main.o
                                         0x7c (size before relaxing)
 .comment       0x000000000000007b       0x7c Core/Src/stm32f0xx_hal_msp.o
 .comment       0x000000000000007b       0x7c Core/Src/stm32f0xx_it.o
 .comment       0x000000000000007b       0x7c Core/Src/system_stm32f0xx.o
 .comment       0x000000000000007b       0x7c Drivers/STM32F0xx_HAL_Driver/stm32f0xx_hal.o
 .comment       0x000000000000007b       0x7c Drivers/STM32F0xx_HAL_Driver/stm32f0xx_hal_cortex.o
 .comment       0x000000000000007b       0x7c Drivers/STM32F0xx_HAL_Driver/stm32f0xx_hal_rcc.o

.debug_frame    0x0000000000000000      0x8c8
 .debug_frame   0x0000000000000000       0x68 Core/Src/main.o
 .debug_frame   0x0000000000000068       0x30 Core/Src/stm32f0xx_hal_msp.o
 .debug_frame   0x0000000000000098       0x9c Core/Src/stm32f0xx_it.o
 .debug_frame   0x0000000000000134       0x4c Core/Src/system_stm32f0xx.o
 .debug_frame   0x0000000000000180      0x2a4 Drivers/STM32F0xx_HAL_Driver/stm32f0xx_hal.o
 .debug_frame   0x0000000000000424      0x2a0 Drivers/STM32F0xx_HAL_Driver/stm32f0xx_hal_cortex.o
 .debug_frame   0x00000000000006c4      0x198 Drivers/STM32F0xx_HAL_Driver/stm32f0xx_hal_rcc.o
 .debug_frame   0x000000000000085c       0x2c /opt/stm32cubeide_1.0.1/plugins/com.st.stm32cube.ide.mcu.externaltools.gnu-tools-for-stm32.7-2018-q2-update.linux64_1.0.0.201904181610/tools/bin/../lib/gcc/arm-none-eabi/7.3.1/../../../../arm-none-eabi/lib/thumb/v6-m/libc_nano.a(lib_a-init.o)
 .debug_frame   0x0000000000000888       0x20 /opt/stm32cubeide_1.0.1/plugins/com.st.stm32cube.ide.mcu.externaltools.gnu-tools-for-stm32.7-2018-q2-update.linux64_1.0.0.201904181610/tools/bin/../lib/gcc/arm-none-eabi/7.3.1/../../../../arm-none-eabi/lib/thumb/v6-m/libc_nano.a(lib_a-memset.o)
 .debug_frame   0x00000000000008a8       0x20 /opt/stm32cubeide_1.0.1/plugins/com.st.stm32cube.ide.mcu.externaltools.gnu-tools-for-stm32.7-2018-q2-update.linux64_1.0.0.201904181610/tools/bin/../lib/gcc/arm-none-eabi/7.3.1/thumb/v6-m/libgcc.a(_udivsi3.o)
